// Jest Snapshot v1, https://goo.gl/fbAQLP

exports[`matches snapshot 1`] = `
<h1
  data-testid="Header"
>
  Half Stack application development
</h1>
`;
