// Jest Snapshot v1, https://goo.gl/fbAQLP

exports[`matches snapshot 1`] = `
<div
  data-testid="Button"
>
  <button
    onClick={[MockFunction]}
  >
    test text
  </button>
</div>
`;
