// Jest Snapshot v1, https://goo.gl/fbAQLP

exports[`matches snapshot 1`] = `
<button
  data-testid="Button"
  onClick={[MockFunction]}
>
  test text
</button>
`;
